I'm sorry, but errors were detected in your script. Please correct the
errors listed below, and try again.


File "game/script.rpy", line 340: expected ':' not found.
    label dialogue4
                   ^

Ren'Py Version: Ren'Py 8.0.3.22090809
Tue Nov 29 13:12:50 2022
